// Jest Snapshot v1, https://goo.gl/fbAQLP

exports[`1 1`] = `
Object {
  "name": null,
  "program": Object {
    "body": Array [],
    "directives": Array [],
    "interpreter": null,
    "type": "Program",
  },
  "type": "File",
}
`;
